Γû▓ Next.js 16.1.6 (Turbopack)
- Environments: .env.local

node.exe : ΓÜá The "middleware" file 
convention is deprecated. Please use "proxy" 
instead. Learn more: https://nextjs.org/docs/
messages/middleware-to-proxy
At line:1 char:1
+ & "C:\Program Files\nodejs/node.exe" 
"C:\Program Files\nodejs/node_mo ...
+ ~~~~~~~~~~~~~~~~~~~~~~~~~~~~~~~~~~~~~~~~~~~
~~~~~~~~~~~~~~~~~~~~~~~~~~
    + CategoryInfo          : NotSpecified   
 : (ΓÜá The "middle...leware-to-proxy:S    
tring) [], RemoteException
    + FullyQualifiedErrorId : NativeComman   
 dError
 
  Creating an optimized production build ...

> Build error occurred
Error: Turbopack build failed with 9 errors:
./src/app/workflows/[id]/edit/page.tsx:1:20
Ecmascript file had an error
[0m[31m[1m>[22m[39m[90m 1 |[39m 
[36mimport[39m { useState[33m,[39m 
useEffect[33m,[39m useTransition } 
[36mfrom[39m [32m"react"[39m[33m;[39m
 [90m   |[39m                    [31m[1m^
[22m[39m[31m[1m^[22m[39m[31m[1m^[22m
[39m[31m[1m^[22m[39m[31m[1m^[22m[39m
[31m[1m^[22m[39m[31m[1m^[22m[39m[31m
[1m^[22m[39m[31m[1m^[22m[39m
 [90m 2 |[39m [36mimport[39m { 
useRouter[33m,[39m useParams } 
[36mfrom[39m 
[32m"next/navigation"[39m[33m;[39m
 [90m 3 |[39m [36mimport[39m 
[33mLink[39m [36mfrom[39m 
[32m"next/link"[39m[33m;[39m
 [90m 4 |[39m [36mimport[39m { 
[33mButton[39m } [36mfrom[39m [32m"@/com
ponents/ui/button"[39m[33m;[39m[0m

You're importing a component that needs 
`useEffect`. This React Hook only works in a 
Client Component. To fix, mark the file (or 
its parent) with the `"use client"` 
directive.

 Learn more: https://nextjs.org/docs/app/api-
reference/directives/use-client




./src/app/workflows/[id]/edit/page.tsx:2:21
Ecmascript file had an error
[0m [90m 1 |[39m [36mimport[39m { 
useState[33m,[39m useEffect[33m,[39m 
useTransition } [36mfrom[39m 
[32m"react"[39m[33m;[39m
[31m[1m>[22m[39m[90m 2 |[39m 
[36mimport[39m { useRouter[33m,[39m 
useParams } [36mfrom[39m 
[32m"next/navigation"[39m[33m;[39m
 [90m   |[39m                     [31m[1m
^[22m[39m[31m[1m^[22m[39m[31m[1m^[22
m[39m[31m[1m^[22m[39m[31m[1m^[22m[39
m[31m[1m^[22m[39m[31m[1m^[22m[39m[31
m[1m^[22m[39m[31m[1m^[22m[39m
 [90m 3 |[39m [36mimport[39m 
[33mLink[39m [36mfrom[39m 
[32m"next/link"[39m[33m;[39m
 [90m 4 |[39m [36mimport[39m { 
[33mButton[39m } [36mfrom[39m 
[32m"@/components/ui/button"[39m[33m;[39m
 [90m 5 |[39m [36mimport[39m { 
[33mInput[39m } [36mfrom[39m [32m"@/comp
onents/ui/input"[39m[33m;[39m[0m

You're importing a component that needs 
`useParams`. This React Hook only works in a 
Client Component. To fix, mark the file (or 
its parent) with the `"use client"` 
directive.

 Learn more: https://nextjs.org/docs/app/api-
reference/directives/use-client




./src/app/workflows/[id]/edit/page.tsx:2:10
Ecmascript file had an error
[0m [90m 1 |[39m [36mimport[39m { 
useState[33m,[39m useEffect[33m,[39m 
useTransition } [36mfrom[39m 
[32m"react"[39m[33m;[39m
[31m[1m>[22m[39m[90m 2 |[39m 
[36mimport[39m { useRouter[33m,[39m 
useParams } [36mfrom[39m 
[32m"next/navigation"[39m[33m;[39m
 [90m   |[39m          [31m[1m^[22m[39m
[31m[1m^[22m[39m[31m[1m^[22m[39m[31m
[1m^[22m[39m[31m[1m^[22m[39m[31m[1m^
[22m[39m[31m[1m^[22m[39m[31m[1m^[22m
[39m[31m[1m^[22m[39m
 [90m 3 |[39m [36mimport[39m 
[33mLink[39m [36mfrom[39m 
[32m"next/link"[39m[33m;[39m
 [90m 4 |[39m [36mimport[39m { 
[33mButton[39m } [36mfrom[39m 
[32m"@/components/ui/button"[39m[33m;[39m
 [90m 5 |[39m [36mimport[39m { 
[33mInput[39m } [36mfrom[39m [32m"@/comp
onents/ui/input"[39m[33m;[39m[0m

You're importing a component that needs 
`useRouter`. This React Hook only works in a 
Client Component. To fix, mark the file (or 
its parent) with the `"use client"` 
directive.

 Learn more: https://nextjs.org/docs/app/api-
reference/directives/use-client




./src/app/workflows/[id]/edit/page.tsx:1:10
Ecmascript file had an error
[0m[31m[1m>[22m[39m[90m 1 |[39m 
[36mimport[39m { useState[33m,[39m 
useEffect[33m,[39m useTransition } 
[36mfrom[39m [32m"react"[39m[33m;[39m
 [90m   |[39m          [31m[1m^[22m[39m
[31m[1m^[22m[39m[31m[1m^[22m[39m[31m
[1m^[22m[39m[31m[1m^[22m[39m[31m[1m^
[22m[39m[31m[1m^[22m[39m[31m[1m^[22m
[39m
 [90m 2 |[39m [36mimport[39m { 
useRouter[33m,[39m useParams } 
[36mfrom[39m 
[32m"next/navigation"[39m[33m;[39m
 [90m 3 |[39m [36mimport[39m 
[33mLink[39m [36mfrom[39m 
[32m"next/link"[39m[33m;[39m
 [90m 4 |[39m [36mimport[39m { 
[33mButton[39m } [36mfrom[39m [32m"@/com
ponents/ui/button"[39m[33m;[39m[0m

You're importing a component that needs 
`useState`. This React Hook only works in a 
Client Component. To fix, mark the file (or 
its parent) with the `"use client"` 
directive.

 Learn more: https://nextjs.org/docs/app/api-
reference/directives/use-client




./src/app/workflows/[id]/edit/page.tsx:1:31
Ecmascript file had an error
[0m[31m[1m>[22m[39m[90m 1 |[39m 
[36mimport[39m { useState[33m,[39m 
useEffect[33m,[39m useTransition } 
[36mfrom[39m [32m"react"[39m[33m;[39m
 [90m   |[39m                              
 [31m[1m^[22m[39m[31m[1m^[22m[39m[31
m[1m^[22m[39m[31m[1m^[22m[39m[31m[1m
^[22m[39m[31m[1m^[22m[39m[31m[1m^[22
m[39m[31m[1m^[22m[39m[31m[1m^[22m[39
m[31m[1m^[22m[39m[31m[1m^[22m[39m[31
m[1m^[22m[39m[31m[1m^[22m[39m
 [90m 2 |[39m [36mimport[39m { 
useRouter[33m,[39m useParams } 
[36mfrom[39m 
[32m"next/navigation"[39m[33m;[39m
 [90m 3 |[39m [36mimport[39m 
[33mLink[39m [36mfrom[39m 
[32m"next/link"[39m[33m;[39m
 [90m 4 |[39m [36mimport[39m { 
[33mButton[39m } [36mfrom[39m [32m"@/com
ponents/ui/button"[39m[33m;[39m[0m

You're importing a component that needs 
`useTransition`. This React Hook only works 
in a Client Component. To fix, mark the file 
(or its parent) with the `"use client"` 
directive.

 Learn more: https://nextjs.org/docs/app/api-
reference/directives/use-client




./src/app/workflows/new/page.tsx:1:20
Ecmascript file had an error
[0m[31m[1m>[22m[39m[90m 1 |[39m 
[36mimport[39m { useState[33m,[39m 
useEffect[33m,[39m useTransition } 
[36mfrom[39m [32m"react"[39m[33m;[39m
 [90m   |[39m                    [31m[1m^
[22m[39m[31m[1m^[22m[39m[31m[1m^[22m
[39m[31m[1m^[22m[39m[31m[1m^[22m[39m
[31m[1m^[22m[39m[31m[1m^[22m[39m[31m
[1m^[22m[39m[31m[1m^[22m[39m
 [90m 2 |[39m [36mimport[39m { useRouter 
} [36mfrom[39m 
[32m"next/navigation"[39m[33m;[39m
 [90m 3 |[39m [36mimport[39m 
[33mLink[39m [36mfrom[39m 
[32m"next/link"[39m[33m;[39m
 [90m 4 |[39m [36mimport[39m { 
[33mButton[39m } [36mfrom[39m [32m"@/com
ponents/ui/button"[39m[33m;[39m[0m

You're importing a component that needs 
`useEffect`. This React Hook only works in a 
Client Component. To fix, mark the file (or 
its parent) with the `"use client"` 
directive.

 Learn more: https://nextjs.org/docs/app/api-
reference/directives/use-client




./src/app/workflows/new/page.tsx:2:10
Ecmascript file had an error
[0m [90m 1 |[39m [36mimport[39m { 
useState[33m,[39m useEffect[33m,[39m 
useTransition } [36mfrom[39m 
[32m"react"[39m[33m;[39m
[31m[1m>[22m[39m[90m 2 |[39m 
[36mimport[39m { useRouter } 
[36mfrom[39m 
[32m"next/navigation"[39m[33m;[39m
 [90m   |[39m          [31m[1m^[22m[39m
[31m[1m^[22m[39m[31m[1m^[22m[39m[31m
[1m^[22m[39m[31m[1m^[22m[39m[31m[1m^
[22m[39m[31m[1m^[22m[39m[31m[1m^[22m
[39m[31m[1m^[22m[39m
 [90m 3 |[39m [36mimport[39m 
[33mLink[39m [36mfrom[39m 
[32m"next/link"[39m[33m;[39m
 [90m 4 |[39m [36mimport[39m { 
[33mButton[39m } [36mfrom[39m 
[32m"@/components/ui/button"[39m[33m;[39m
 [90m 5 |[39m [36mimport[39m { 
[33mInput[39m } [36mfrom[39m [32m"@/comp
onents/ui/input"[39m[33m;[39m[0m

You're importing a component that needs 
`useRouter`. This React Hook only works in a 
Client Component. To fix, mark the file (or 
its parent) with the `"use client"` 
directive.

 Learn more: https://nextjs.org/docs/app/api-
reference/directives/use-client




./src/app/workflows/new/page.tsx:1:10
Ecmascript file had an error
[0m[31m[1m>[22m[39m[90m 1 |[39m 
[36mimport[39m { useState[33m,[39m 
useEffect[33m,[39m useTransition } 
[36mfrom[39m [32m"react"[39m[33m;[39m
 [90m   |[39m          [31m[1m^[22m[39m
[31m[1m^[22m[39m[31m[1m^[22m[39m[31m
[1m^[22m[39m[31m[1m^[22m[39m[31m[1m^
[22m[39m[31m[1m^[22m[39m[31m[1m^[22m
[39m
 [90m 2 |[39m [36mimport[39m { useRouter 
} [36mfrom[39m 
[32m"next/navigation"[39m[33m;[39m
 [90m 3 |[39m [36mimport[39m 
[33mLink[39m [36mfrom[39m 
[32m"next/link"[39m[33m;[39m
 [90m 4 |[39m [36mimport[39m { 
[33mButton[39m } [36mfrom[39m [32m"@/com
ponents/ui/button"[39m[33m;[39m[0m

You're importing a component that needs 
`useState`. This React Hook only works in a 
Client Component. To fix, mark the file (or 
its parent) with the `"use client"` 
directive.

 Learn more: https://nextjs.org/docs/app/api-
reference/directives/use-client




./src/app/workflows/new/page.tsx:1:31
Ecmascript file had an error
[0m[31m[1m>[22m[39m[90m 1 |[39m 
[36mimport[39m { useState[33m,[39m 
useEffect[33m,[39m useTransition } 
[36mfrom[39m [32m"react"[39m[33m;[39m
 [90m   |[39m                              
 [31m[1m^[22m[39m[31m[1m^[22m[39m[31
m[1m^[22m[39m[31m[1m^[22m[39m[31m[1m
^[22m[39m[31m[1m^[22m[39m[31m[1m^[22
m[39m[31m[1m^[22m[39m[31m[1m^[22m[39
m[31m[1m^[22m[39m[31m[1m^[22m[39m[31
m[1m^[22m[39m[31m[1m^[22m[39m
 [90m 2 |[39m [36mimport[39m { useRouter 
} [36mfrom[39m 
[32m"next/navigation"[39m[33m;[39m
 [90m 3 |[39m [36mimport[39m 
[33mLink[39m [36mfrom[39m 
[32m"next/link"[39m[33m;[39m
 [90m 4 |[39m [36mimport[39m { 
[33mButton[39m } [36mfrom[39m [32m"@/com
ponents/ui/button"[39m[33m;[39m[0m

You're importing a component that needs 
`useTransition`. This React Hook only works 
in a Client Component. To fix, mark the file 
(or its parent) with the `"use client"` 
directive.

 Learn more: https://nextjs.org/docs/app/api-
reference/directives/use-client




    at <unknown> 
(./src/app/workflows/[id]/edit/page.tsx:1:20)
    at <unknown> 
(./src/app/workflows/[id]/edit/page.tsx:2:21)
    at <unknown> 
(./src/app/workflows/[id]/edit/page.tsx:2:10)
    at <unknown> 
(./src/app/workflows/[id]/edit/page.tsx:1:10)
    at <unknown> 
(./src/app/workflows/[id]/edit/page.tsx:1:31)
    at <unknown> 
(./src/app/workflows/new/page.tsx:1:20)
    at <unknown> 
(./src/app/workflows/new/page.tsx:2:10)
    at <unknown> 
(./src/app/workflows/new/page.tsx:1:10)
    at <unknown> 
(./src/app/workflows/new/page.tsx:1:31)
